net.qvarford.giraffeed.it.FollowedVideosResourceTest.twitchVideosAreMergedFromFollowedBroadcasters=[
<?xml version="1.0" encoding="UTF-8" standalone="no"?>
<atom:feed xmlns:atom="http://www.w3.org/2005/Atom">
    <atom:icon>https://www.twitch.tv/favicon.ico</atom:icon>
    <atom:title>Latest videos from the channels I follow</atom:title>
    <atom:entry>
        <atom:author>
            <atom:name>123456</atom:name>
        </atom:author>
        <atom:id>123456_1</atom:id>
        <atom:link href="https://example.com/video1.mp4"/>
        <atom:published>2022-02-01T10:30:00Z</atom:published>
        <atom:title>Title 1</atom:title>
        <atom:content type="text/html">&lt;a href="https://example.com/video1.mp4"&gt;
&lt;img src="https://example.com/thumbnail1.jpg" /&gt;
&lt;/a&gt;</atom:content>
    </atom:entry>
    <atom:entry>
        <atom:author>
            <atom:name>123456</atom:name>
        </atom:author>
        <atom:id>123456_2</atom:id>
        <atom:link href="https://example.com/video2.mp4"/>
        <atom:published>2022-02-02T12:45:00Z</atom:published>
        <atom:title>Title 2</atom:title>
        <atom:content type="text/html">&lt;a href="https://example.com/video2.mp4"&gt;
&lt;img src="https://example.com/thumbnail2.jpg" /&gt;
&lt;/a&gt;</atom:content>
    </atom:entry>
    <atom:entry>
        <atom:author>
            <atom:name>789012</atom:name>
        </atom:author>
        <atom:id>789012_2</atom:id>
        <atom:link href="https://example.com/video3.mp4"/>
        <atom:published>2022-02-03T16:15:00Z</atom:published>
        <atom:title>Title 3</atom:title>
        <atom:content type="text/html">&lt;a href="https://example.com/video3.mp4"&gt;
&lt;img src="https://example.com/thumbnail3.jpg" /&gt;
&lt;/a&gt;</atom:content>
    </atom:entry>
    <atom:entry>
        <atom:author>
            <atom:name>789012</atom:name>
        </atom:author>
        <atom:id>789012_2</atom:id>
        <atom:link href="https://example.com/video4.mp4"/>
        <atom:published>2022-02-04T18:30:00Z</atom:published>
        <atom:title>Title 4</atom:title>
        <atom:content type="text/html">&lt;a href="https://example.com/video4.mp4"&gt;
&lt;img src="https://example.com/thumbnail4.jpg" /&gt;
&lt;/a&gt;</atom:content>
    </atom:entry>
</atom:feed>

]